[18:07:47] [main/INFO]: Loading Minecraft 1.20.1 with Fabric Loader 0.18.4
[18:07:48] [ForkJoinPool-1-worker-1/WARN]: Mod getittogetherdrops uses the version fabric-1.20-1.3.1 which isn't compatible with Loader's extended semantic version format (Could not parse version number component 'fabric'!), SemVer is recommended for reliably evaluating dependencies and prioritizing newer version
[18:07:48] [main/INFO]: Loading 124 mods:
	- almanac 1.0.2
	- c2me 0.2.0+alpha.11.16
	   |-- c2me-base 0.2.0+alpha.11.16
	   |-- c2me-client-uncapvd 0.2.0+alpha.11.16
	   |-- c2me-fixes-chunkio-threading-issues 0.2.0+alpha.11.16
	   |-- c2me-fixes-general-threading-issues 0.2.0+alpha.11.16
	   |-- c2me-fixes-worldgen-threading-issues 0.2.0+alpha.11.16
	   |-- c2me-fixes-worldgen-vanilla-bugs 0.2.0+alpha.11.16
	   |-- c2me-notickvd 0.2.0+alpha.11.16
	   |-- c2me-opts-allocs 0.2.0+alpha.11.16
	   |-- c2me-opts-chunk-access 0.2.0+alpha.11.16
	   |-- c2me-opts-chunkio 0.2.0+alpha.11.16
	   |-- c2me-opts-math 0.2.0+alpha.11.16
	   |-- c2me-opts-scheduling 0.2.0+alpha.11.16
	   |-- c2me-opts-worldgen-general 0.2.0+alpha.11.16
	   |-- c2me-opts-worldgen-vanilla 0.2.0+alpha.11.16
	   |-- c2me-rewrites-chunk-serializer 0.2.0+alpha.11.16
	   |-- c2me-rewrites-chunkio 0.2.0+alpha.11.16
	   |-- c2me-server-utils 0.2.0+alpha.11.16
	   |-- c2me-threading-chunkio 0.2.0+alpha.11.16
	   |-- c2me-threading-lighting 0.2.0+alpha.11.16
	   |-- c2me-threading-worldgen 0.2.0+alpha.11.16
	   |-- com_electronwill_night-config_core 3.6.5
	   |-- com_electronwill_night-config_toml 3.6.5
	   |-- com_ibm_async_asyncutil 0.1.0
	   |-- net_objecthunter_exp4j 0.4.8
	   \-- org_threadly_threadly 7.0
	- chatimage 1.4.7+1.20+fabric
	   |-- actionlib 0.6.3-fabric
	   |-- fabric-key-binding-api-v1 1.0.36+fb8d95da27
	   \-- io_github_kituin_chatimagecode 0.12.2
	- chunky 1.3.146
	- chunkyextended 2.1.1
	- cloth-config 11.0.99
	   \-- cloth-basic-math 0.6.1
	- clumps 12.0.0.4
	- connectivity 1.20.1-7.6
	- cupboard 1.20.1-2.7
	- doespotatotick 1.20.1-5.2.0
	- entity-view-distance 1.1.2+1.20
	   \-- spruceui 5.0.0+1.20
	- fabric-api 0.92.7+1.20.1
	   |-- fabric-api-base 0.4.32+1802ada577
	   |-- fabric-api-lookup-api-v1 1.6.37+1802ada577
	   |-- fabric-biome-api-v1 13.0.15+93aa238b77
	   |-- fabric-block-api-v1 1.0.12+1802ada577
	   |-- fabric-block-view-api-v2 1.0.3+924f046a77
	   |-- fabric-blockrenderlayer-v1 1.1.42+1802ada577
	   |-- fabric-client-tags-api-v1 1.1.3+1802ada577
	   |-- fabric-command-api-v1 1.2.35+f71b366f77
	   |-- fabric-command-api-v2 2.2.14+1802ada577
	   |-- fabric-commands-v0 0.2.52+df3654b377
	   |-- fabric-containers-v0 0.1.67+df3654b377
	   |-- fabric-content-registries-v0 4.0.13+1802ada577
	   |-- fabric-convention-tags-v1 1.5.6+1802ada577
	   |-- fabric-crash-report-info-v1 0.2.20+1802ada577
	   |-- fabric-data-attachment-api-v1 1.0.2+de0fd6d177
	   |-- fabric-data-generation-api-v1 12.3.7+1802ada577
	   |-- fabric-dimensions-v1 2.1.55+1802ada577
	   |-- fabric-entity-events-v1 1.6.1+1c78457f77
	   |-- fabric-events-interaction-v0 0.6.5+13a40c6677
	   |-- fabric-events-lifecycle-v0 0.2.64+df3654b377
	   |-- fabric-game-rule-api-v1 1.0.41+1802ada577
	   |-- fabric-item-api-v1 2.1.29+1802ada577
	   |-- fabric-item-group-api-v1 4.0.14+1802ada577
	   |-- fabric-key-binding-api-v1 1.0.38+1802ada577
	   |-- fabric-keybindings-v0 0.2.36+df3654b377
	   |-- fabric-lifecycle-events-v1 2.2.23+1802ada577
	   |-- fabric-loot-api-v2 1.2.3+1802ada577
	   |-- fabric-loot-tables-v1 1.1.47+9e7660c677
	   |-- fabric-message-api-v1 5.1.10+1802ada577
	   |-- fabric-mining-level-api-v1 2.1.52+1802ada577
	   |-- fabric-model-loading-api-v1 1.0.4+1802ada577
	   |-- fabric-models-v0 0.4.3+9386d8a777
	   |-- fabric-networking-api-v1 1.3.14+a158aa0477
	   |-- fabric-networking-v0 0.3.54+df3654b377
	   |-- fabric-object-builder-api-v1 11.1.5+e35120df77
	   |-- fabric-particles-v1 1.1.3+1802ada577
	   |-- fabric-recipe-api-v1 1.0.24+1802ada577
	   |-- fabric-registry-sync-v0 2.3.6+1802ada577
	   |-- fabric-renderer-api-v1 3.2.2+1802ada577
	   |-- fabric-renderer-indigo 1.5.3+85287f9f77
	   |-- fabric-renderer-registries-v1 3.2.47+df3654b377
	   |-- fabric-rendering-data-attachment-v1 0.3.39+92a0d36777
	   |-- fabric-rendering-fluids-v1 3.0.29+1802ada577
	   |-- fabric-rendering-v0 1.1.50+df3654b377
	   |-- fabric-rendering-v1 3.0.9+1802ada577
	   |-- fabric-resource-conditions-api-v1 2.3.9+1802ada577
	   |-- fabric-resource-loader-v0 0.11.12+fb82e9d777
	   |-- fabric-screen-api-v1 2.0.9+1802ada577
	   |-- fabric-screen-handler-api-v1 1.3.33+1802ada577
	   |-- fabric-sound-api-v1 1.0.14+1802ada577
	   |-- fabric-transfer-api-v1 3.3.6+8dd72ea377
	   \-- fabric-transitive-access-wideners-v1 4.3.2+1802ada577
	- fabricloader 0.18.4
	   \-- mixinextras 0.5.0
	- ferritecore 6.0.1
	- forgeconfigapiport 8.0.3
	- getittogetherdrops fabric-1.20-1.3.1
	- java 17
	- krypton 0.2.3
	   \-- com_velocitypowered_velocity-native 3.2.0-SNAPSHOT
	- letmedespawn 1.5.0
	- lithium 0.11.4
	- logcleaner 1.0.0
	- memoryleakfix 1.1.5
	- minecraft 1.20.1
	- minimotd-fabric 2.0.13
	   \-- adventure-platform-fabric 5.10.0-SNAPSHOT
	        |-- net_kyori_adventure-api 4.14.0
	        |-- net_kyori_adventure-key 4.14.0
	        |-- net_kyori_adventure-platform-api 4.3.0
	        |-- net_kyori_adventure-text-logger-slf4j 4.14.0
	        |-- net_kyori_adventure-text-minimessage 4.14.0
	        |-- net_kyori_adventure-text-serializer-ansi 4.14.0
	        |-- net_kyori_adventure-text-serializer-gson 4.14.0
	        |-- net_kyori_adventure-text-serializer-json 4.14.0
	        |-- net_kyori_adventure-text-serializer-plain 4.14.0
	        |-- net_kyori_ansi 1.0.1
	        |-- net_kyori_examination-api 1.3.0
	        \-- net_kyori_examination-string 1.3.0
	- modernfix 5.25.2+mc1.20.1
	- noisium 2.3.0+mc1.20-1.20.1
	- servercore 1.5.2+1.20.1
	   |-- fabric-permissions-api-v0 0.3.1
	   |-- org_yaml_snakeyaml 2.2
	   |-- space_arim_dazzleconf_dazzleconf-core 1.3.0-M2
	   \-- space_arim_dazzleconf_dazzleconf-ext-snakeyaml 1.3.0-M2
	- skinrestorer 2.5.0+1.20-fabric
	   \-- org_mineskin_java-client 3.2.1-SNAPSHOT
	- smoothchunk 1.20.1-4.1
	- sparsestructures 3.0
	- starlight 1.1.2+fabric.dbc156f
	- styledchat 2.2.4+1.20.1
	   |-- placeholder-api 2.1.4+1.20.1
	   |-- player-data-api 0.2.2+1.19.3
	   \-- predicate-api 0.1.2+1.20
	- styledplayerlist 3.1.1+1.20.1
	   |-- player-data-api 0.2.2+1.19.3
	   \-- predicate-api 0.1.2+1.20
	- viewdistancefix 1.20.1-1.0.2
	- vmp 0.2.0+beta.7.102
[18:07:49] [main/INFO]: SpongePowered MIXIN Subsystem Version=0.8.7 Source=file:/workspaces/obsesion/servidor_minecraft/libraries/net/fabricmc/sponge-mixin/0.17.0+mixin.0.8.7/sponge-mixin-0.17.0+mixin.0.8.7.jar Service=Knot/Fabric Env=SERVER
[18:07:49] [main/INFO]: Compatibility level set to JAVA_17
[18:07:49] [main/INFO]: Initializing com.ishland.c2me.base.mixin
[18:07:49] [main/INFO]: Initializing com.ishland.c2me.fixes.chunkio.threading_issues.mixin
[18:07:49] [main/INFO]: Initializing com.ishland.c2me.fixes.general.threading_issues.mixin
[18:07:49] [main/INFO]: Initializing com.ishland.c2me.fixes.worldgen.threading_issues.mixin
[18:07:49] [main/INFO]: Initializing com.ishland.c2me.fixes.worldgen.vanilla_bugs.mixin
[18:07:49] [main/INFO]: Initializing com.ishland.c2me.notickvd.mixin
[18:07:49] [main/INFO]: Initializing com.ishland.c2me.opts.allocs.mixin
[18:07:49] [main/INFO]: Initializing com.ishland.c2me.opts.chunk_access.mixin
[18:07:49] [main/INFO]: Initializing com.ishland.c2me.opts.chunkio.mixin
[18:07:49] [main/INFO]: Initializing com.ishland.c2me.opts.math.mixin
[18:07:49] [main/INFO]: Initializing com.ishland.c2me.opts.scheduling.mixin
[18:07:49] [main/INFO]: Initializing com.ishland.c2me.opts.worldgen.general.mixin
[18:07:49] [main/INFO]: Initializing com.ishland.c2me.opts.worldgen.vanilla.mixin
[18:07:49] [main/INFO]: Initializing com.ishland.c2me.rewrites.chunk_serializer.mixin
[18:07:49] [main/INFO]: Disabling com.ishland.c2me.rewrites.chunk_serializer.mixin
[18:07:49] [main/INFO]: Initializing com.ishland.c2me.rewrites.chunkio.mixin
[18:07:49] [main/INFO]: Disabling com.ishland.c2me.rewrites.chunkio.mixin
[18:07:49] [main/INFO]: Initializing com.ishland.c2me.server.utils.mixin
[18:07:49] [main/INFO]: Initializing com.ishland.c2me.threading.chunkio.mixin
[18:07:49] [main/INFO]: Initializing com.ishland.c2me.threading.lighting.mixin
[18:07:49] [main/INFO]: Initializing com.ishland.c2me.threading.worldgen.mixin
[18:07:49] [main/INFO]: Disabling com.ishland.c2me.threading.worldgen.mixin
[18:07:49] [main/INFO]: Loaded configuration file for Lithium: 131 options available, 3 override(s) found
[18:07:49] [main/WARN]: Reference map 'memoryleakfix-fabric-1.17+-fabric-refmap.json' for memoryleakfix-fabric.mixins.json could not be read. If this is a development environment you can ignore this message
[18:07:50] [main/INFO]: Loaded configuration file for ModernFix 5.25.2+mc1.20.1: 71 options available, 3 override(s) found
[18:07:50] [main/WARN]: Option 'mixin.bugfix.paper_chunk_patches' overriden (by mods [c2me]) to 'false'
[18:07:50] [main/WARN]: Option 'mixin.perf.cache_strongholds' overriden (by mods [c2me]) to 'false'
[18:07:50] [main/WARN]: Option 'mixin.bugfix.chunk_deadlock' overriden (by mods [c2me]) to 'false'
[18:07:50] [main/INFO]: Applying Nashorn fix
[18:07:50] [main/INFO]: Successfully started async appender with [ServerGuiConsole, SysOut, File]
[18:07:50] [main/WARN]: Force-disabling mixin 'alloc.blockstate.StateMixin' as rule 'mixin.alloc.blockstate' (added by mods [ferritecore]) disables it and children
[18:07:50] [main/WARN]: Force-disabling mixin 'alloc.chunk_ticking.ServerChunkManagerMixin' as rule 'mixin.alloc.chunk_ticking' (added by mods [servercore]) disables it and children
[18:07:50] [main/WARN]: Force-disabling mixin 'world.player_chunk_tick.ThreadedAnvilChunkStorageMixin' as rule 'mixin.world.player_chunk_tick' (added by mods [c2me, krypton, vmp]) disables it and children
[18:07:51] [main/INFO]: [MemoryLeakFix] Will be applying 1 memory leak fixes!
[18:07:51] [main/INFO]: [MemoryLeakFix] Currently enabled memory leak fixes: [biomeTemperatureLeak]
[18:07:51] [main/INFO]: Initializing MixinExtras via com.llamalad7.mixinextras.service.MixinExtrasServiceImpl(version=0.5.0).
[18:07:52] [main/INFO]: Injecting BlockStateBase cache population hook into getNeighborPathNodeType from me.jellysquid.mods.lithium.mixin.ai.pathing.AbstractBlockStateMixin
[18:07:52] [main/INFO]: Injecting BlockStateBase cache population hook into getPathNodeType from me.jellysquid.mods.lithium.mixin.ai.pathing.AbstractBlockStateMixin
[18:07:52] [main/INFO]: Injecting BlockStateBase cache population hook into getOpacityIfCached from ca.spottedleaf.starlight.mixin.common.blockstate.BlockStateBaseMixin
[18:07:52] [main/INFO]: Injecting BlockStateBase cache population hook into isConditionallyFullOpaque from ca.spottedleaf.starlight.mixin.common.blockstate.BlockStateBaseMixin
[18:07:52] [main/INFO]: Injecting BlockStateBase cache population hook into getAllFlags from me.jellysquid.mods.lithium.mixin.util.block_tracking.AbstractBlockStateMixin
[18:07:54] [main/WARN]: Method overwrite conflict for method_21740 in modernfix-common.mixins.json:perf.remove_biome_temperature_cache.BiomeMixin from mod modernfix, previously written by me.jellysquid.mods.lithium.mixin.world.temperature_cache.BiomeMixin. Skipping method.
[18:07:54] [main/INFO]: Vanilla bootstrap took 2592 milliseconds
[18:07:54] [main/INFO]: Chunky extended loaded
[18:07:54] [main/INFO]: Connectivity initialized
[18:07:54] [main/INFO]: Loaded config for: cupboard.json
[18:07:54] [main/INFO]: Compression will use libdeflate (Linux x86_64), encryption will use OpenSSL 3.0.x (Linux x86_64)
[18:07:54] [main/INFO]: Done initializing MiniMOTD
[18:07:54] [main/INFO]: Loading Noisium.
[18:07:54] [main/ERROR]: [ServerCore] One of the values in config.yml is not valid.
[18:07:54] [main/ERROR]: ----------------------------------------------------------------------------------------------------
[18:07:54] [main/ERROR]: For key xp-merge-fraction:
[18:07:54] [main/ERROR]: Encountered an error while loading the configuration. 
[18:07:54] [main/ERROR]: Reason: The value's size of 0 must be more than the minimum size of 1
[18:07:54] [main/ERROR]: Extra info: None
[18:07:54] [main/ERROR]: ----------------------------------------------------------------------------------------------------
[18:07:54] [main/INFO]: [ServerCore] Loaded V1.5.2+1.20.1!
[18:07:55] [main/INFO]: Mod chatimage Add 1 New HoverEvent
[18:07:55] [main/INFO]: Register All HoverEvent Counts: 4
[18:07:56] [main/INFO]: Loaded config for: connectivity.json
[18:07:56] [main/INFO]: Krypton is now accelerating your Minecraft server's networking stack 🚀
[18:07:56] [main/INFO]: Environment: authHost='https://authserver.mojang.com', accountsHost='https://api.mojang.com', sessionHost='https://sessionserver.mojang.com', servicesHost='https://api.minecraftservices.com', name='PROD'
[18:07:56] [main/INFO]: Bypassed Mojang DFU
[18:07:58] [main/INFO]: Loaded 7 recipes
[18:07:58] [main/INFO]: Loaded 1271 advancements
[18:07:58] [main/WARN]: Initial datapack load took 1.977 s
[18:07:58] [main/INFO]: Applied 0 biome modifications to 0 of 64 new biomes in 1.643 ms
[18:07:58] [Server thread/INFO]: Starting minecraft server version 1.20.1
[18:07:58] [Server thread/INFO]: Loading properties
[18:07:58] [Server thread/INFO]: Default game type: SURVIVAL
[18:07:58] [Server thread/INFO]: Generating keypair
[18:07:58] [Server thread/INFO]: Starting Minecraft server on *:25565
[18:07:58] [Server thread/INFO]: Using epoll channel type
[18:07:58] [Server thread/WARN]: @Redirect conflict. Skipping connectivity.mixins.json:ConnectionMixin from mod connectivity->@Redirect::onWait(Lio/netty/channel/ChannelFuture;)Lio/netty/channel/ChannelFuture; with priority 1000, already redirected by vmp.mixins.json:networking.avoid_deadlocks.MixinClientConnection from mod vmp->@Redirect::noDisconnectWait(Lio/netty/channel/ChannelFuture;)Lio/netty/channel/ChannelFuture; with priority 1050
[18:07:58] [Server thread/WARN]: **** SERVER IS RUNNING IN OFFLINE/INSECURE MODE!
[18:07:58] [Server thread/WARN]: The server will make no attempt to authenticate usernames. Beware.
[18:07:58] [Server thread/WARN]: While this makes the game possible to play without internet access, it also opens up the ability for hackers to connect with any username they choose.
[18:07:58] [Server thread/WARN]: To change this, set "online-mode" to "true" in the server.properties file.
[18:07:58] [Server thread/INFO]: Preparing level "world"
[18:07:58] [Server thread/INFO]: Enforcing safe world random access
[18:07:58] [Server thread/WARN]: @Redirect conflict. Skipping smoothchunk.mixins.json:ChunkMapSlowUnload from mod smoothchunk->@Redirect::getSize(Ljava/util/Queue;)I with priority 1000, already redirected by c2me-opts-scheduling.mixins.json:general_overheads.MixinThreadedAnvilChunkStorage from mod c2me-opts-scheduling->@Redirect::redirectUnloadSize(Ljava/util/Queue;)I with priority 1100
[18:07:59] [Server thread/INFO]: Changing watch distance to 6
[18:08:01] [Server thread/INFO]: Changing watch distance to 6
[18:08:01] [Server thread/INFO]: Changing watch distance to 6
[18:08:01] [Server thread/INFO]: Preparing start region for dimension minecraft:overworld
[18:08:01] [Worker-Main-3/INFO]: Preparing spawn area: 0%
[18:08:02] [Worker-Main-2/INFO]: Preparing spawn area: 0%
[18:08:02] [Worker-Main-2/INFO]: Preparing spawn area: 0%
[18:08:03] [Worker-Main-2/INFO]: Preparing spawn area: 0%
[18:08:03] [Worker-Main-1/INFO]: Preparing spawn area: 0%
[18:08:04] [Worker-Main-1/INFO]: Preparing spawn area: 2%
[18:08:04] [Worker-Main-3/INFO]: Preparing spawn area: 2%
[18:08:05] [Worker-Main-3/INFO]: Preparing spawn area: 3%
[18:08:05] [Worker-Main-2/INFO]: Preparing spawn area: 5%
[18:08:06] [Worker-Main-2/INFO]: Preparing spawn area: 21%
[18:08:06] [Worker-Main-1/INFO]: Preparing spawn area: 42%
[18:08:07] [Worker-Main-1/INFO]: Preparing spawn area: 65%
[18:08:07] [Server thread/INFO]: Time elapsed: 5919 ms
[18:08:07] [Server thread/INFO]: Done (8.901s)! For help, type "help"
[18:08:07] [Server thread/WARN]: Dedicated server took 27.991 seconds to load
[18:08:07] [Server thread/INFO]: Loaded config for: smoothchunk.json
[18:08:07] [Server thread/ERROR]: [ServerCore] One of the values in config.yml is not valid.
[18:08:07] [Server thread/ERROR]: ----------------------------------------------------------------------------------------------------
[18:08:07] [Server thread/ERROR]: For key xp-merge-fraction:
[18:08:07] [Server thread/ERROR]: Encountered an error while loading the configuration. 
[18:08:07] [Server thread/ERROR]: Reason: The value's size of 0 must be more than the minimum size of 1
[18:08:07] [Server thread/ERROR]: Extra info: None
[18:08:07] [Server thread/ERROR]: ----------------------------------------------------------------------------------------------------
[18:08:08] [ForkJoinPool.commonPool-worker-1/INFO]: There is an update available for MiniMOTD!
[18:08:08] [ForkJoinPool.commonPool-worker-1/INFO]: This server is running version v2.0.13, which is 13 versions outdated.
[18:08:08] [ForkJoinPool.commonPool-worker-1/INFO]: Download the latest version, v2.2.2 from GitHub at the link below:
[18:08:08] [ForkJoinPool.commonPool-worker-1/INFO]: https://github.com/jpenilla/MiniMOTD/releases/tag/v2.2.2
[18:08:19] [Server thread/INFO]: ifrann[/127.203.82.54:57073] logged in with entity id 196 at (-193.4660390132032, 71.0, 76.76012282400646)
[18:08:19] [Server thread/INFO]: [STDOUT]: Ce : player joined, pausing chunky
[18:08:19] [Server thread/INFO]: [Chunky] No tasks to pause.
[18:08:20] [Server thread/INFO]: ifrann joined the game
[18:08:20] [Server thread/INFO]: Async chunk loading for player ifrann completed
[18:08:22] [Server thread/WARN]: UUID of added entity already exists: class_1694['Minecart with Chest'/212, l='ServerLevel[world]', x=-252.50, y=40.50, z=125.50]
[18:08:23] [Server thread/WARN]: UUID of added entity already exists: class_1694['Minecart with Chest'/215, l='ServerLevel[world]', x=-255.50, y=45.06, z=49.50]
[18:12:23] [Server thread/INFO]: [ifrann: Skin changed]
[18:12:48] [Server thread/INFO]: [ifrann: Skin changed]
[18:13:24] [Server thread/INFO]: Made ifrann a server operator
[18:14:03] [Server thread/INFO]: [ifrann: Set the time to 1000]
[18:14:13] [Server thread/INFO]: [ifrann: Set own game mode to Creative Mode]
[18:14:20] [Server thread/INFO]: ifrann has made the advancement [Cover Me with Diamonds]
[18:15:42] [Server thread/INFO]: <ifrann> ostia
[18:16:47] [Server thread/INFO]: [Server] LA OBSESION
